../Core/Src/main.c:97:5:main	8	static
../Core/Src/main.c:152:6:SystemClock_Config	88	static
../Core/Src/main.c:198:13:MX_ADC1_Init	56	static
../Core/Src/main.c:266:13:MX_ADC2_Init	40	static
../Core/Src/main.c:325:13:MX_TIM1_Init	104	static
../Core/Src/main.c:405:13:MX_TIM3_Init	40	static
../Core/Src/main.c:449:13:MX_USART2_UART_Init	8	static
../Core/Src/main.c:497:13:MX_USART3_UART_Init	8	static
../Core/Src/main.c:545:13:MX_GPIO_Init	48	static
../Core/Src/main.c:593:6:HAL_UART_RxCpltCallback	16	static
../Core/Src/main.c:597:6:UART_Create_Cmd	8	static
../Core/Src/main.c:622:6:UART_Echo	8	static
../Core/Src/main.c:640:6:HAL_TIM_PeriodElapsedCallback	16	static
../Core/Src/main.c:657:6:Error_Handler	4	static,ignoring_inline_asm
