../Core/Src/main.c:91:5:main	224	static
../Core/Src/main.c:148:6:SystemClock_Config	88	static
../Core/Src/main.c:194:13:MX_ADC1_Init	56	static
../Core/Src/main.c:262:13:MX_ADC2_Init	40	static
../Core/Src/main.c:321:13:MX_TIM1_Init	104	static
../Core/Src/main.c:402:13:MX_TIM3_Init	40	static
../Core/Src/main.c:446:13:MX_USART2_UART_Init	8	static
../Core/Src/main.c:494:13:MX_USART3_UART_Init	8	static
../Core/Src/main.c:542:13:MX_GPIO_Init	48	static
../Core/Src/main.c:592:6:HAL_UART_RxCpltCallback	16	static
../Core/Src/main.c:608:6:HAL_TIM_PeriodElapsedCallback	16	static
../Core/Src/main.c:625:6:Error_Handler	4	static,ignoring_inline_asm
